    info: Created parent directory for '/tmp/TEST.destination'
    info: Created directory '/tmp/TEST.destination/subdir'
    info: Copied file '/tmp/TEST.source/subdir/subdir-file' to '/tmp/TEST.destination/subdir/subdir-file.cfnew' (mode '600')
    info: Moved '/tmp/TEST.destination/subdir/subdir-file.cfnew' to '/tmp/TEST.destination/subdir/subdir-file'
    info: Updated file '/tmp/TEST.destination/subdir/subdir-file' from 'localhost:/tmp/TEST.source/subdir/subdir-file'
    info: Copied file '/tmp/TEST.source/file-perms-644' to '/tmp/TEST.destination/file-perms-644.cfnew' (mode '600')
    info: Moved '/tmp/TEST.destination/file-perms-644.cfnew' to '/tmp/TEST.destination/file-perms-644'
    info: Updated file '/tmp/TEST.destination/file-perms-644' from 'localhost:/tmp/TEST.source/file-perms-644'
    info: files promise '/tmp/TEST.destination' repaired
