    info: Created directory '/tmp/TEST.destination/purgeme'
    info: Created file '/tmp/TEST.destination/purgeme', mode 0600
    info: files promise '/tmp/TEST.destination/purgeme' repaired
    info: Created directory '/tmp/TEST.destination/subdir'
    info: Copied file '/tmp/TEST.source/subdir/subdir-file' to '/tmp/TEST.destination/subdir/subdir-file.cfnew' (mode '600')
    info: Moved '/tmp/TEST.destination/subdir/subdir-file.cfnew' to '/tmp/TEST.destination/subdir/subdir-file'
    info: Updated file '/tmp/TEST.destination/subdir/subdir-file' from 'localhost:/tmp/TEST.source/subdir/subdir-file'
    info: Linked files '/tmp/TEST.destination/file-perms-644' -> '/tmp/TEST.source/file-perms-644'
    info: Purged '/tmp/TEST.destination/purgeme' copy dest directory
    info: files promise '/tmp/TEST.destination' repaired
